16:51:03 **** Incremental Build of configuration Default for project first_project_test ****
make all 
[1;34mCompiling main.c[0m
[1;34mLinking build/Project_template.elf[0m
[1;34mCreating build/Project_template.hex[0m
[1;34mCreating build/Project_template.bin[0m
[1;34mCreating build/Project_template.dmp[0m

   text	   data	    bss	    dec	    hex	filename
  58516	   2980	  15964	  77460	  12e94	build/Project_template.elf
[1;34mCreating build/Project_template.list[0m

[1;34mDone[0m

16:51:04 Build Finished (took 971ms)

